app/dashboard/trades/page.tsx(581,38): error TS2538: Type 'undefined' cannot be used as an index type.
app/dashboard/trades/page.tsx(637,9): error TS2322: Type 'Trade | null' is not assignable to type 'import("D:/NextJs/Bazaar/my-app/lib/types").Trade | null'.
  Type 'Trade' is missing the following properties from type 'Trade': id, quantity, direction, tradeAnalysis, and 4 more.
